{"type":"server-started","port":56856,"host":"127.0.0.1","url_host":"localhost","url":"http://localhost:56856","screen_dir":"/Users/luismarca/Desktop/DAWA-ANavarro-5C24A/Lab14/my-portfolio/.superpowers/brainstorm/90305-1781966402/content","state_dir":"/Users/luismarca/Desktop/DAWA-ANavarro-5C24A/Lab14/my-portfolio/.superpowers/brainstorm/90305-1781966402/state"}
{"type":"screen-added","file":"/Users/luismarca/Desktop/DAWA-ANavarro-5C24A/Lab14/my-portfolio/.superpowers/brainstorm/90305-1781966402/content/style-direction.html"}
{"type":"screen-added","file":"/Users/luismarca/Desktop/DAWA-ANavarro-5C24A/Lab14/my-portfolio/.superpowers/brainstorm/90305-1781966402/content/hero-layout.html"}
{"type":"screen-added","file":"/Users/luismarca/Desktop/DAWA-ANavarro-5C24A/Lab14/my-portfolio/.superpowers/brainstorm/90305-1781966402/content/project-cards.html"}
{"type":"screen-added","file":"/Users/luismarca/Desktop/DAWA-ANavarro-5C24A/Lab14/my-portfolio/.superpowers/brainstorm/90305-1781966402/content/card-split.html"}
{"type":"screen-added","file":"/Users/luismarca/Desktop/DAWA-ANavarro-5C24A/Lab14/my-portfolio/.superpowers/brainstorm/90305-1781966402/content/waiting.html"}
{"type":"screen-added","file":"/Users/luismarca/Desktop/DAWA-ANavarro-5C24A/Lab14/my-portfolio/.superpowers/brainstorm/90305-1781966402/content/full-design.html"}
{"type":"screen-added","file":"/Users/luismarca/Desktop/DAWA-ANavarro-5C24A/Lab14/my-portfolio/.superpowers/brainstorm/90305-1781966402/content/hero-alt.html"}
{"type":"screen-added","file":"/Users/luismarca/Desktop/DAWA-ANavarro-5C24A/Lab14/my-portfolio/.superpowers/brainstorm/90305-1781966402/content/hero-final.html"}
{"type":"screen-added","file":"/Users/luismarca/Desktop/DAWA-ANavarro-5C24A/Lab14/my-portfolio/.superpowers/brainstorm/90305-1781966402/content/hero-right.html"}
{"type":"screen-added","file":"/Users/luismarca/Desktop/DAWA-ANavarro-5C24A/Lab14/my-portfolio/.superpowers/brainstorm/90305-1781966402/content/hero-right-v2.html"}
{"type":"screen-added","file":"/Users/luismarca/Desktop/DAWA-ANavarro-5C24A/Lab14/my-portfolio/.superpowers/brainstorm/90305-1781966402/content/hero-right-global.html"}
{"type":"screen-added","file":"/Users/luismarca/Desktop/DAWA-ANavarro-5C24A/Lab14/my-portfolio/.superpowers/brainstorm/90305-1781966402/content/hero-right-v3.html"}
{"type":"screen-added","file":"/Users/luismarca/Desktop/DAWA-ANavarro-5C24A/Lab14/my-portfolio/.superpowers/brainstorm/90305-1781966402/content/design-final.html"}
{"type":"screen-added","file":"/Users/luismarca/Desktop/DAWA-ANavarro-5C24A/Lab14/my-portfolio/.superpowers/brainstorm/90305-1781966402/content/design-final-v2.html"}
{"type":"screen-added","file":"/Users/luismarca/Desktop/DAWA-ANavarro-5C24A/Lab14/my-portfolio/.superpowers/brainstorm/90305-1781966402/content/design-final-v3.html"}
{"type":"screen-updated","file":"/Users/luismarca/Desktop/DAWA-ANavarro-5C24A/Lab14/my-portfolio/.superpowers/brainstorm/90305-1781966402/content/design-final-v3.html"}
{"type":"screen-updated","file":"/Users/luismarca/Desktop/DAWA-ANavarro-5C24A/Lab14/my-portfolio/.superpowers/brainstorm/90305-1781966402/content/design-final-v3.html"}
{"type":"screen-updated","file":"/Users/luismarca/Desktop/DAWA-ANavarro-5C24A/Lab14/my-portfolio/.superpowers/brainstorm/90305-1781966402/content/design-final-v3.html"}
{"type":"screen-updated","file":"/Users/luismarca/Desktop/DAWA-ANavarro-5C24A/Lab14/my-portfolio/.superpowers/brainstorm/90305-1781966402/content/design-final-v3.html"}
{"type":"screen-updated","file":"/Users/luismarca/Desktop/DAWA-ANavarro-5C24A/Lab14/my-portfolio/.superpowers/brainstorm/90305-1781966402/content/design-final-v3.html"}
{"type":"screen-added","file":"/Users/luismarca/Desktop/DAWA-ANavarro-5C24A/Lab14/my-portfolio/.superpowers/brainstorm/90305-1781966402/content/margins.html"}
{"type":"screen-updated","file":"/Users/luismarca/Desktop/DAWA-ANavarro-5C24A/Lab14/my-portfolio/.superpowers/brainstorm/90305-1781966402/content/design-final-v3.html"}
{"type":"screen-updated","file":"/Users/luismarca/Desktop/DAWA-ANavarro-5C24A/Lab14/my-portfolio/.superpowers/brainstorm/90305-1781966402/content/design-final-v3.html"}
{"type":"screen-updated","file":"/Users/luismarca/Desktop/DAWA-ANavarro-5C24A/Lab14/my-portfolio/.superpowers/brainstorm/90305-1781966402/content/design-final-v3.html"}
{"type":"screen-updated","file":"/Users/luismarca/Desktop/DAWA-ANavarro-5C24A/Lab14/my-portfolio/.superpowers/brainstorm/90305-1781966402/content/design-final-v3.html"}
{"type":"screen-updated","file":"/Users/luismarca/Desktop/DAWA-ANavarro-5C24A/Lab14/my-portfolio/.superpowers/brainstorm/90305-1781966402/content/design-final-v3.html"}
{"type":"screen-updated","file":"/Users/luismarca/Desktop/DAWA-ANavarro-5C24A/Lab14/my-portfolio/.superpowers/brainstorm/90305-1781966402/content/design-final-v3.html"}
{"type":"screen-added","file":"/Users/luismarca/Desktop/DAWA-ANavarro-5C24A/Lab14/my-portfolio/.superpowers/brainstorm/90305-1781966402/content/design-final-v4.html"}
